C51 COMPILER V9.54   EXTI                                                                  04/09/2022 16:49:47 PAGE 1   


C51 COMPILER V9.54, COMPILATION OF MODULE EXTI
OBJECT MODULE PLACED IN .\list\Exti.obj
COMPILER INVOKED BY: D:\keil\keil_C51\C51\BIN\C51.EXE Exti.c OPTIMIZE(8,SPEED) BROWSE DEBUG OBJECTEXTEND PRINT(.\list\Ex
                    -ti.lst) OBJECT(.\list\Exti.obj)

line level    source

   1          /*---------------------------------------------------------------------*/
   2          /* --- STC MCU Limited ------------------------------------------------*/
   3          /* --- STC 1T Series MCU Demo Programme -------------------------------*/
   4          /* --- Mobile: (86)13922805190 ----------------------------------------*/
   5          /* --- Fax: 86-0513-55012956,55012947,55012969 ------------------------*/
   6          /* --- Tel: 86-0513-55012928,55012929,55012966 ------------------------*/
   7          /* --- Web: www.STCMCU.com --------------------------------------------*/
   8          /* --- Web: www.STCMCUDATA.com  ---------------------------------------*/
   9          /* --- QQ:  800003751 -------------------------------------------------*/
  10          /* 如果要在程序中使用此代码,请在程序中注明使用了STC的资料及程序            */
  11          /*---------------------------------------------------------------------*/
  12          
  13          /*************  功能说明        **************
  14          
  15          本文件为STC8系列的外中断初始化和中断程序,用户可以在这个文件中修改自己需要的中断程序.
  16          
  17          ******************************************/
  18          
  19          #include "Exti.h"
  20          #include "timer.h"
  21          
  22          /*************  外部函数和变量声明 *****************/
  23          bit recvPlusFlag = 0;
  24          
  25          u8 recvPlusCnt = 0;              //脉冲个数
  26          u32 recvPlusTimeCnt = 0; //连续脉冲时间
  27          
  28          /******************** INT配置 ********************/
  29          void Exti_config(void)
  30          {
  31   1              EXTI_InitTypeDef Exti_InitStructure; //结构定义
  32   1      
  33   1              Exti_InitStructure.EXTI_Interrupt = ENABLE;        //中断使能,   ENABLE或DISABLE
  34   1              Exti_InitStructure.EXTI_Mode = EXT_MODE_Fall;  //中断模式,   EXT_MODE_RiseFall,EXT_MODE_Fall
  35   1              Exti_InitStructure.EXTI_Priority = Priority_0; //指定中断优先级(低到高) Priority_0,Priority_1,Priority_2,
             -Priority_3
  36   1              Ext_Inilize(EXT_INT1, &Exti_InitStructure);        //初始化
  37   1      }
  38          
  39          //开启接收超声波
  40          void Start_recvPlus(void)
  41          {
  42   1              Exti_config();
  43   1              recvPlusFlag = 1;
  44   1              recvPlusCnt = 0;
  45   1              recvPlusTimeCnt = 0;
  46   1              Timer0_InterruptEnable(); //允许中断
  47   1      }
  48          
  49          //停止接受超声波
  50          void Stop_recvPlus(void)
  51          {
  52   1              recvPlusFlag = 0;
  53   1              recvPlusCnt = 0;
C51 COMPILER V9.54   EXTI                                                                  04/09/2022 16:49:47 PAGE 2   

  54   1              recvPlusTimeCnt = 0;
  55   1              EX1 = 0;                                   //禁止中断
  56   1              Timer0_InterruptDisable(); //禁止中断
  57   1      }
  58          
  59          //用于判断是否接收完成
  60          bit Get_recvPlusFlag(void)
  61          {
  62   1              return recvPlusFlag;
  63   1      }
  64          
  65          /********************* INT1中断函数 *************************/
  66          void Ext_INT1(void) interrupt INT1_VECTOR //进中断时已经清除标志
  67          {
  68   1              if (recvPlusFlag == 0) //接收开始标志 0：接收完成或未开始，1：接收未完成
  69   1                      return;
  70   1              if (get_time_escape_sec(Get_RecvPlusTimerCnt(), recvPlusTimeCnt) <= 5) //波形连续才开始计数
  71   1              {
  72   2                      if (++recvPlusCnt >= 3)
  73   2                      {
  74   3                              recvPlusFlag = 0;
  75   3                              Stop_recvPlus();
  76   3                      }
  77   2              }
  78   1              else
  79   1              {
  80   2                      recvPlusCnt = 0;
  81   2              }
  82   1      
  83   1              recvPlusTimeCnt = Get_RecvPlusTimerCnt();
  84   1      }
  85          
  86          //========================================================================
  87          // 函数: u8     Ext_Inilize(u8 EXT, EXTI_InitTypeDef *INTx)
  88          // 描述: 外部中断初始化程序.
  89          // 参数: INTx: 结构参数,请参考Exti.h里的定义.
  90          // 返回: 成功返回0, 空操作返回1,错误返回2.
  91          // 版本: V1.0, 2012-10-22
  92          //========================================================================
  93          u8 Ext_Inilize(u8 EXT, EXTI_InitTypeDef *INTx)
  94          {
  95   1              if (EXT == EXT_INT1) //外中断1
  96   1              {
  97   2                      IE1 = 0; //外中断1标志位
  98   2                      if (INTx->EXTI_Interrupt == ENABLE)
  99   2                              EX1 = 1; //允许中断
 100   2                      else
 101   2                              EX1 = 0; //禁止中断
 102   2                      if (INTx->EXTI_Priority > Priority_3)
 103   2                              return 2;                                               //错误
 104   2                      INT1_Priority(INTx->EXTI_Priority); //指定中断优先级(低到高) Priority_0,Priority_1,Priority_2,Priority_3
 105   2                      if (INTx->EXTI_Mode == EXT_MODE_Fall)
 106   2                              IT1 = 1; //下降沿中断
 107   2                      else
 108   2                              IT1 = 0; //上升,下降沿中断
 109   2                      return 0;        //成功
 110   2              }
 111   1              return 2; //失败
 112   1      }


MODULE INFORMATION:   STATIC OVERLAYABLE
C51 COMPILER V9.54   EXTI                                                                  04/09/2022 16:49:47 PAGE 3   

   CODE SIZE        =    269    ----
   CONSTANT SIZE    =   ----    ----
   XDATA SIZE       =   ----    ----
   PDATA SIZE       =   ----    ----
   DATA SIZE        =      5       3
   IDATA SIZE       =   ----    ----
   BIT SIZE         =      1    ----
END OF MODULE INFORMATION.


C51 COMPILATION COMPLETE.  0 WARNING(S),  0 ERROR(S)
